Archive member included to satisfy reference by file (symbol)

/opt/avr8-gnu-toolchain-linux_x86_64/bin/../lib/gcc/avr/7.3.0/avr25/libgcc.a(_exit.o)
                              /home/sergeyyarkov/.mchp_packs/Microchip/ATtiny_DFP/3.0.151/gcc/dev/attiny45/avr25/crtattiny45.o (exit)
/opt/avr8-gnu-toolchain-linux_x86_64/bin/../lib/gcc/avr/7.3.0/avr25/libgcc.a(_clear_bss.o)
                              build/default/debug/main.o (__do_clear_bss)

Discarded input sections

 .data          0x0000000000000000        0x0 /home/sergeyyarkov/.mchp_packs/Microchip/ATtiny_DFP/3.0.151/gcc/dev/attiny45/avr25/crtattiny45.o
 .bss           0x0000000000000000        0x0 /home/sergeyyarkov/.mchp_packs/Microchip/ATtiny_DFP/3.0.151/gcc/dev/attiny45/avr25/crtattiny45.o
 .text          0x0000000000000000        0x0 build/default/debug/main.o
 .data          0x0000000000000000        0x0 build/default/debug/main.o
 .bss           0x0000000000000000        0x0 build/default/debug/main.o
 .text          0x0000000000000000        0x0 build/default/debug/onewire.o
 .data          0x0000000000000000        0x0 build/default/debug/onewire.o
 .bss           0x0000000000000000        0x0 build/default/debug/onewire.o
 .text          0x0000000000000000        0x0 /opt/avr8-gnu-toolchain-linux_x86_64/bin/../lib/gcc/avr/7.3.0/avr25/libgcc.a(_exit.o)
 .data          0x0000000000000000        0x0 /opt/avr8-gnu-toolchain-linux_x86_64/bin/../lib/gcc/avr/7.3.0/avr25/libgcc.a(_exit.o)
 .bss           0x0000000000000000        0x0 /opt/avr8-gnu-toolchain-linux_x86_64/bin/../lib/gcc/avr/7.3.0/avr25/libgcc.a(_exit.o)
 .text.libgcc.mul
                0x0000000000000000        0x0 /opt/avr8-gnu-toolchain-linux_x86_64/bin/../lib/gcc/avr/7.3.0/avr25/libgcc.a(_exit.o)
 .text.libgcc.div
                0x0000000000000000        0x0 /opt/avr8-gnu-toolchain-linux_x86_64/bin/../lib/gcc/avr/7.3.0/avr25/libgcc.a(_exit.o)
 .text.libgcc   0x0000000000000000        0x0 /opt/avr8-gnu-toolchain-linux_x86_64/bin/../lib/gcc/avr/7.3.0/avr25/libgcc.a(_exit.o)
 .text.libgcc.prologue
                0x0000000000000000        0x0 /opt/avr8-gnu-toolchain-linux_x86_64/bin/../lib/gcc/avr/7.3.0/avr25/libgcc.a(_exit.o)
 .text.libgcc.builtins
                0x0000000000000000        0x0 /opt/avr8-gnu-toolchain-linux_x86_64/bin/../lib/gcc/avr/7.3.0/avr25/libgcc.a(_exit.o)
 .text.libgcc.fmul
                0x0000000000000000        0x0 /opt/avr8-gnu-toolchain-linux_x86_64/bin/../lib/gcc/avr/7.3.0/avr25/libgcc.a(_exit.o)
 .text.libgcc.fixed
                0x0000000000000000        0x0 /opt/avr8-gnu-toolchain-linux_x86_64/bin/../lib/gcc/avr/7.3.0/avr25/libgcc.a(_exit.o)
 .text          0x0000000000000000        0x0 /opt/avr8-gnu-toolchain-linux_x86_64/bin/../lib/gcc/avr/7.3.0/avr25/libgcc.a(_clear_bss.o)
 .data          0x0000000000000000        0x0 /opt/avr8-gnu-toolchain-linux_x86_64/bin/../lib/gcc/avr/7.3.0/avr25/libgcc.a(_clear_bss.o)
 .bss           0x0000000000000000        0x0 /opt/avr8-gnu-toolchain-linux_x86_64/bin/../lib/gcc/avr/7.3.0/avr25/libgcc.a(_clear_bss.o)
 .text.libgcc.mul
                0x0000000000000000        0x0 /opt/avr8-gnu-toolchain-linux_x86_64/bin/../lib/gcc/avr/7.3.0/avr25/libgcc.a(_clear_bss.o)
 .text.libgcc.div
                0x0000000000000000        0x0 /opt/avr8-gnu-toolchain-linux_x86_64/bin/../lib/gcc/avr/7.3.0/avr25/libgcc.a(_clear_bss.o)
 .text.libgcc   0x0000000000000000        0x0 /opt/avr8-gnu-toolchain-linux_x86_64/bin/../lib/gcc/avr/7.3.0/avr25/libgcc.a(_clear_bss.o)
 .text.libgcc.prologue
                0x0000000000000000        0x0 /opt/avr8-gnu-toolchain-linux_x86_64/bin/../lib/gcc/avr/7.3.0/avr25/libgcc.a(_clear_bss.o)
 .text.libgcc.builtins
                0x0000000000000000        0x0 /opt/avr8-gnu-toolchain-linux_x86_64/bin/../lib/gcc/avr/7.3.0/avr25/libgcc.a(_clear_bss.o)
 .text.libgcc.fmul
                0x0000000000000000        0x0 /opt/avr8-gnu-toolchain-linux_x86_64/bin/../lib/gcc/avr/7.3.0/avr25/libgcc.a(_clear_bss.o)
 .text.libgcc.fixed
                0x0000000000000000        0x0 /opt/avr8-gnu-toolchain-linux_x86_64/bin/../lib/gcc/avr/7.3.0/avr25/libgcc.a(_clear_bss.o)

Memory Configuration

Name             Origin             Length             Attributes
text             0x0000000000000000 0x0000000000001000 xr
data             0x0000000000800060 0x0000000000000100 rw !x
eeprom           0x0000000000810000 0x0000000000000100 rw !x
fuse             0x0000000000820000 0x0000000000000003 rw !x
lock             0x0000000000830000 0x0000000000000400 rw !x
signature        0x0000000000840000 0x0000000000000400 rw !x
user_signatures  0x0000000000850000 0x0000000000000400 rw !x
*default*        0x0000000000000000 0xffffffffffffffff

Linker script and memory map

LOAD /home/sergeyyarkov/.mchp_packs/Microchip/ATtiny_DFP/3.0.151/gcc/dev/attiny45/avr25/crtattiny45.o
LOAD build/default/debug/main.o
LOAD build/default/debug/onewire.o
                0x0000000000000001                __MPLAB_BUILD = 0x1
                0x0000000000000001                __ICD2RAM = 0x1
                0x0000000000000001                __MPLAB_DEBUG = 0x1
                0x0000000000000001                __DEBUG = 0x1
START GROUP
LOAD /opt/avr8-gnu-toolchain-linux_x86_64/bin/../lib/gcc/avr/7.3.0/../../../../avr/lib/avr25/libm.a
END GROUP
START GROUP
LOAD /opt/avr8-gnu-toolchain-linux_x86_64/bin/../lib/gcc/avr/7.3.0/avr25/libgcc.a
LOAD /opt/avr8-gnu-toolchain-linux_x86_64/bin/../lib/gcc/avr/7.3.0/../../../../avr/lib/avr25/libm.a
LOAD /opt/avr8-gnu-toolchain-linux_x86_64/bin/../lib/gcc/avr/7.3.0/../../../../avr/lib/avr25/libc.a
LOAD /home/sergeyyarkov/.mchp_packs/Microchip/ATtiny_DFP/3.0.151/gcc/dev/attiny45/avr25/libattiny45.a
END GROUP
                0x0000000000000000                __TEXT_REGION_ORIGIN__ = DEFINED (__TEXT_REGION_ORIGIN__)?__TEXT_REGION_ORIGIN__:0x0
                [0x0000000000800060]                __DATA_REGION_ORIGIN__ = DEFINED (__DATA_REGION_ORIGIN__)?__DATA_REGION_ORIGIN__:0x800060
                [0x0000000000001000]                __TEXT_REGION_LENGTH__ = DEFINED (__TEXT_REGION_LENGTH__)?__TEXT_REGION_LENGTH__:0x2000
                [0x0000000000000100]                __DATA_REGION_LENGTH__ = DEFINED (__DATA_REGION_LENGTH__)?__DATA_REGION_LENGTH__:0xffa0
                [0x0000000000000100]                __EEPROM_REGION_LENGTH__ = DEFINED (__EEPROM_REGION_LENGTH__)?__EEPROM_REGION_LENGTH__:0x10000
                [0x0000000000000003]                __FUSE_REGION_LENGTH__ = DEFINED (__FUSE_REGION_LENGTH__)?__FUSE_REGION_LENGTH__:0x400
                0x0000000000000400                __LOCK_REGION_LENGTH__ = DEFINED (__LOCK_REGION_LENGTH__)?__LOCK_REGION_LENGTH__:0x400
                0x0000000000000400                __SIGNATURE_REGION_LENGTH__ = DEFINED (__SIGNATURE_REGION_LENGTH__)?__SIGNATURE_REGION_LENGTH__:0x400
                0x0000000000000400                __USER_SIGNATURE_REGION_LENGTH__ = DEFINED (__USER_SIGNATURE_REGION_LENGTH__)?__USER_SIGNATURE_REGION_LENGTH__:0x400

.hash
 *(.hash)

.dynsym
 *(.dynsym)

.dynstr
 *(.dynstr)

.gnu.version
 *(.gnu.version)

.gnu.version_d
 *(.gnu.version_d)

.gnu.version_r
 *(.gnu.version_r)

.rel.init
 *(.rel.init)

.rela.init
 *(.rela.init)

.rel.text
 *(.rel.text)
 *(.rel.text.*)
 *(.rel.gnu.linkonce.t*)

.rela.text
 *(.rela.text)
 *(.rela.text.*)
 *(.rela.gnu.linkonce.t*)

.rel.fini
 *(.rel.fini)

.rela.fini
 *(.rela.fini)

.rel.rodata
 *(.rel.rodata)
 *(.rel.rodata.*)
 *(.rel.gnu.linkonce.r*)

.rela.rodata
 *(.rela.rodata)
 *(.rela.rodata.*)
 *(.rela.gnu.linkonce.r*)

.rel.data
 *(.rel.data)
 *(.rel.data.*)
 *(.rel.gnu.linkonce.d*)

.rela.data
 *(.rela.data)
 *(.rela.data.*)
 *(.rela.gnu.linkonce.d*)

.rel.ctors
 *(.rel.ctors)

.rela.ctors
 *(.rela.ctors)

.rel.dtors
 *(.rel.dtors)

.rela.dtors
 *(.rela.dtors)

.rel.got
 *(.rel.got)

.rela.got
 *(.rela.got)

.rel.bss
 *(.rel.bss)

.rela.bss
 *(.rela.bss)

.rel.plt
 *(.rel.plt)

.rela.plt
 *(.rela.plt)

.text           0x0000000000000000      0x22c
 *(.vectors)
 .vectors       0x0000000000000000       0x1e /home/sergeyyarkov/.mchp_packs/Microchip/ATtiny_DFP/3.0.151/gcc/dev/attiny45/avr25/crtattiny45.o
                0x0000000000000000                __vectors
                0x0000000000000000                __vector_default
 *(.vectors)
 *(.progmem.gcc*)
                0x000000000000001e                . = ALIGN (0x2)
                0x000000000000001e                __trampolines_start = .
 *(.trampolines)
 .trampolines   0x000000000000001e        0x0 linker stubs
 *(.trampolines*)
                0x000000000000001e                __trampolines_end = .
 *libprintf_flt.a:*(.progmem.data)
 *libc.a:*(.progmem.data)
 *(.progmem*)
                0x000000000000001e                . = ALIGN (0x2)
 *(.jumptables)
 *(.jumptables*)
 *(.lowtext)
 *(.lowtext*)
                0x000000000000001e                __ctors_start = .
 *(.ctors)
                0x000000000000001e                __ctors_end = .
                0x000000000000001e                __dtors_start = .
 *(.dtors)
                0x000000000000001e                __dtors_end = .
 SORT(*)(.ctors)
 SORT(*)(.dtors)
 *(.init0)
 .init0         0x000000000000001e        0x0 /home/sergeyyarkov/.mchp_packs/Microchip/ATtiny_DFP/3.0.151/gcc/dev/attiny45/avr25/crtattiny45.o
                0x000000000000001e                __init
 *(.init0)
 *(.init1)
 *(.init1)
 *(.init2)
 .init2         0x000000000000001e        0xc /home/sergeyyarkov/.mchp_packs/Microchip/ATtiny_DFP/3.0.151/gcc/dev/attiny45/avr25/crtattiny45.o
 *(.init2)
 *(.init3)
 *(.init3)
 *(.init4)
 .init4         0x000000000000002a       0x10 /opt/avr8-gnu-toolchain-linux_x86_64/bin/../lib/gcc/avr/7.3.0/avr25/libgcc.a(_clear_bss.o)
                0x000000000000002a                __do_clear_bss
 *(.init4)
 *(.init5)
 *(.init5)
 *(.init6)
 *(.init6)
 *(.init7)
 *(.init7)
 *(.init8)
 *(.init8)
 *(.init9)
 .init9         0x000000000000003a        0x4 /home/sergeyyarkov/.mchp_packs/Microchip/ATtiny_DFP/3.0.151/gcc/dev/attiny45/avr25/crtattiny45.o
 *(.init9)
 *(.text)
 .text          0x000000000000003e        0x2 /home/sergeyyarkov/.mchp_packs/Microchip/ATtiny_DFP/3.0.151/gcc/dev/attiny45/avr25/crtattiny45.o
                0x000000000000003e                __vector_1
                0x000000000000003e                __vector_12
                0x000000000000003e                __bad_interrupt
                0x000000000000003e                __vector_6
                0x000000000000003e                __vector_3
                0x000000000000003e                __vector_11
                0x000000000000003e                __vector_13
                0x000000000000003e                __vector_7
                0x000000000000003e                __vector_5
                0x000000000000003e                __vector_4
                0x000000000000003e                __vector_9
                0x000000000000003e                __vector_2
                0x000000000000003e                __vector_8
                0x000000000000003e                __vector_14
                0x000000000000003e                __vector_10
                0x0000000000000040                . = ALIGN (0x2)
 *(.text.*)
 .text.DallasTemp_ReadScratchpad
                0x0000000000000040       0x2c build/default/debug/main.o
                0x0000000000000040                DallasTemp_ReadScratchpad
 .text.DallasTemp_Convert
                0x000000000000006c       0x14 build/default/debug/main.o
                0x000000000000006c                DallasTemp_Convert
 .text.DallasTemp_GetTemperature
                0x0000000000000080       0x96 build/default/debug/main.o
                0x0000000000000080                DallasTemp_GetTemperature
 .text.MCU_Init
                0x0000000000000116        0x8 build/default/debug/main.o
                0x0000000000000116                MCU_Init
 .text.main     0x000000000000011e       0x26 build/default/debug/main.o
                0x000000000000011e                main
 .text.OneWire_Presence
                0x0000000000000144       0x32 build/default/debug/onewire.o
                0x0000000000000144                OneWire_Presence
 .text.OneWire_WriteByte
                0x0000000000000176       0x3c build/default/debug/onewire.o
                0x0000000000000176                OneWire_WriteByte
 .text.OneWire_ReadByte
                0x00000000000001b2       0x34 build/default/debug/onewire.o
                0x00000000000001b2                OneWire_ReadByte
 .text.OneWire_SkipROM
                0x00000000000001e6       0x10 build/default/debug/onewire.o
                0x00000000000001e6                OneWire_SkipROM
 .text.OneWire_ReadROM
                0x00000000000001f6       0x32 build/default/debug/onewire.o
                0x00000000000001f6                OneWire_ReadROM
                0x0000000000000228                . = ALIGN (0x2)
 *(.fini9)
 .fini9         0x0000000000000228        0x0 /opt/avr8-gnu-toolchain-linux_x86_64/bin/../lib/gcc/avr/7.3.0/avr25/libgcc.a(_exit.o)
                0x0000000000000228                exit
                0x0000000000000228                _exit
 *(.fini9)
 *(.fini8)
 *(.fini8)
 *(.fini7)
 *(.fini7)
 *(.fini6)
 *(.fini6)
 *(.fini5)
 *(.fini5)
 *(.fini4)
 *(.fini4)
 *(.fini3)
 *(.fini3)
 *(.fini2)
 *(.fini2)
 *(.fini1)
 *(.fini1)
 *(.fini0)
 .fini0         0x0000000000000228        0x4 /opt/avr8-gnu-toolchain-linux_x86_64/bin/../lib/gcc/avr/7.3.0/avr25/libgcc.a(_exit.o)
 *(.fini0)
                0x000000000000022c                _etext = .

.data           0x0000000000800060        0x0 load address 0x000000000000022c
                [!provide]                        PROVIDE (__data_start, .)
 *(.data)
 *(.data*)
 *(.gnu.linkonce.d*)
 *(.rodata)
 *(.rodata*)
 *(.gnu.linkonce.r*)
                0x0000000000800060                . = ALIGN (0x2)
                0x0000000000800060                _edata = .
                [!provide]                        PROVIDE (__data_end, .)

.bss            0x0000000000800060       0x11
                0x0000000000800060                PROVIDE (__bss_start, .)
 *(.bss)
 *(.bss*)
 .bss.dallas_rom
                0x0000000000800060        0x8 build/default/debug/main.o
                0x0000000000800060                dallas_rom
 .bss.dallas_scratchpad
                0x0000000000800068        0x9 build/default/debug/main.o
                0x0000000000800068                dallas_scratchpad
 *(COMMON)
                0x0000000000800071                PROVIDE (__bss_end, .)
                0x000000000000022c                __data_load_start = LOADADDR (.data)
                0x000000000000022c                __data_load_end = (__data_load_start + SIZEOF (.data))

.noinit         0x0000000000800071        0x0
                [!provide]                        PROVIDE (__noinit_start, .)
 *(.noinit*)
                [!provide]                        PROVIDE (__noinit_end, .)
                0x0000000000800071                _end = .
                [!provide]                        PROVIDE (__heap_start, .)

.eeprom         0x0000000000810000        0x0
 *(.eeprom*)
                0x0000000000810000                __eeprom_end = .

.fuse
 *(.fuse)
 *(.lfuse)
 *(.hfuse)
 *(.efuse)

.lock
 *(.lock*)

.signature
 *(.signature*)

.user_signatures
 *(.user_signatures*)

.stab
 *(.stab)

.stabstr
 *(.stabstr)

.stab.excl
 *(.stab.excl)

.stab.exclstr
 *(.stab.exclstr)

.stab.index
 *(.stab.index)

.stab.indexstr
 *(.stab.indexstr)

.comment        0x0000000000000000       0x30
 *(.comment)
 .comment       0x0000000000000000       0x30 build/default/debug/main.o
                                         0x31 (size before relaxing)
 .comment       0x0000000000000030       0x31 build/default/debug/onewire.o

.note.gnu.avr.deviceinfo
                0x0000000000000000       0x3c
 .note.gnu.avr.deviceinfo
                0x0000000000000000       0x3c /home/sergeyyarkov/.mchp_packs/Microchip/ATtiny_DFP/3.0.151/gcc/dev/attiny45/avr25/crtattiny45.o

.note.gnu.build-id
 *(.note.gnu.build-id)

.debug
 *(.debug)

.line
 *(.line)

.debug_srcinfo
 *(.debug_srcinfo)

.debug_sfnames
 *(.debug_sfnames)

.debug_aranges  0x0000000000000000       0x80
 *(.debug_aranges)
 .debug_aranges
                0x0000000000000000       0x40 build/default/debug/main.o
 .debug_aranges
                0x0000000000000040       0x40 build/default/debug/onewire.o

.debug_pubnames
 *(.debug_pubnames)

.debug_info     0x0000000000000000      0xd5f
 *(.debug_info .gnu.linkonce.wi.*)
 .debug_info    0x0000000000000000      0x420 /home/sergeyyarkov/.mchp_packs/Microchip/ATtiny_DFP/3.0.151/gcc/dev/attiny45/avr25/crtattiny45.o
 .debug_info    0x0000000000000420      0x40e build/default/debug/main.o
 .debug_info    0x000000000000082e      0x531 build/default/debug/onewire.o

.debug_abbrev   0x0000000000000000      0x861
 *(.debug_abbrev)
 .debug_abbrev  0x0000000000000000      0x3e8 /home/sergeyyarkov/.mchp_packs/Microchip/ATtiny_DFP/3.0.151/gcc/dev/attiny45/avr25/crtattiny45.o
 .debug_abbrev  0x00000000000003e8      0x257 build/default/debug/main.o
 .debug_abbrev  0x000000000000063f      0x222 build/default/debug/onewire.o

.debug_line     0x0000000000000000      0x526
 *(.debug_line .debug_line.* .debug_line_end)
 .debug_line    0x0000000000000000       0xf2 /home/sergeyyarkov/.mchp_packs/Microchip/ATtiny_DFP/3.0.151/gcc/dev/attiny45/avr25/crtattiny45.o
 .debug_line    0x00000000000000f2      0x1be build/default/debug/main.o
 .debug_line    0x00000000000002b0      0x276 build/default/debug/onewire.o

.debug_frame    0x0000000000000000      0x114
 *(.debug_frame)
 .debug_frame   0x0000000000000000       0x9c build/default/debug/main.o
 .debug_frame   0x000000000000009c       0x78 build/default/debug/onewire.o

.debug_str      0x0000000000000000      0x42a
 *(.debug_str)
 .debug_str     0x0000000000000000      0x169 /home/sergeyyarkov/.mchp_packs/Microchip/ATtiny_DFP/3.0.151/gcc/dev/attiny45/avr25/crtattiny45.o
 .debug_str     0x0000000000000169      0x287 build/default/debug/main.o
                                        0x2cc (size before relaxing)
 .debug_str     0x00000000000003f0       0x3a build/default/debug/onewire.o
                                        0x25d (size before relaxing)

.debug_loc      0x0000000000000000      0x656
 *(.debug_loc)
 .debug_loc     0x0000000000000000      0x1ec build/default/debug/main.o
 .debug_loc     0x00000000000001ec      0x46a build/default/debug/onewire.o

.debug_macinfo
 *(.debug_macinfo)

.debug_weaknames
 *(.debug_weaknames)

.debug_funcnames
 *(.debug_funcnames)

.debug_typenames
 *(.debug_typenames)

.debug_varnames
 *(.debug_varnames)

.debug_pubtypes
 *(.debug_pubtypes)

.debug_ranges   0x0000000000000000       0x60
 *(.debug_ranges)
 .debug_ranges  0x0000000000000000       0x30 build/default/debug/main.o
 .debug_ranges  0x0000000000000030       0x30 build/default/debug/onewire.o

.debug_macro
 *(.debug_macro)
OUTPUT(dist/default/debug/attiny45v_thermometer.X.debug.elf elf32-avr)
LOAD linker stubs
