Archive member included to satisfy reference by file (symbol)

/opt/avr8-gnu-toolchain-linux_x86_64/bin/../lib/gcc/avr/7.3.0/avr25/libgcc.a(_udivmodhi4.o)
                              build/default/production/main.o (__udivmodhi4)
/opt/avr8-gnu-toolchain-linux_x86_64/bin/../lib/gcc/avr/7.3.0/avr25/libgcc.a(_divmodhi4.o)
                              build/default/production/main.o (__divmodhi4)
/opt/avr8-gnu-toolchain-linux_x86_64/bin/../lib/gcc/avr/7.3.0/avr25/libgcc.a(_exit.o)
                              /home/sergeyyarkov/.mchp_packs/Microchip/ATtiny_DFP/3.0.151/gcc/dev/attiny45/avr25/crtattiny45.o (exit)

Discarded input sections

 .data          0x0000000000000000        0x0 /home/sergeyyarkov/.mchp_packs/Microchip/ATtiny_DFP/3.0.151/gcc/dev/attiny45/avr25/crtattiny45.o
 .bss           0x0000000000000000        0x0 /home/sergeyyarkov/.mchp_packs/Microchip/ATtiny_DFP/3.0.151/gcc/dev/attiny45/avr25/crtattiny45.o
 .text          0x0000000000000000        0x0 build/default/production/main.o
 .data          0x0000000000000000        0x0 build/default/production/main.o
 .bss           0x0000000000000000        0x0 build/default/production/main.o
 .text          0x0000000000000000        0x0 build/default/production/onewire.o
 .data          0x0000000000000000        0x0 build/default/production/onewire.o
 .bss           0x0000000000000000        0x0 build/default/production/onewire.o
 .text          0x0000000000000000        0x0 build/default/production/dstemperature.o
 .data          0x0000000000000000        0x0 build/default/production/dstemperature.o
 .bss           0x0000000000000000        0x0 build/default/production/dstemperature.o
 .text          0x0000000000000000        0x0 /opt/avr8-gnu-toolchain-linux_x86_64/bin/../lib/gcc/avr/7.3.0/avr25/libgcc.a(_udivmodhi4.o)
 .data          0x0000000000000000        0x0 /opt/avr8-gnu-toolchain-linux_x86_64/bin/../lib/gcc/avr/7.3.0/avr25/libgcc.a(_udivmodhi4.o)
 .bss           0x0000000000000000        0x0 /opt/avr8-gnu-toolchain-linux_x86_64/bin/../lib/gcc/avr/7.3.0/avr25/libgcc.a(_udivmodhi4.o)
 .text.libgcc.mul
                0x0000000000000000        0x0 /opt/avr8-gnu-toolchain-linux_x86_64/bin/../lib/gcc/avr/7.3.0/avr25/libgcc.a(_udivmodhi4.o)
 .text.libgcc   0x0000000000000000        0x0 /opt/avr8-gnu-toolchain-linux_x86_64/bin/../lib/gcc/avr/7.3.0/avr25/libgcc.a(_udivmodhi4.o)
 .text.libgcc.prologue
                0x0000000000000000        0x0 /opt/avr8-gnu-toolchain-linux_x86_64/bin/../lib/gcc/avr/7.3.0/avr25/libgcc.a(_udivmodhi4.o)
 .text.libgcc.builtins
                0x0000000000000000        0x0 /opt/avr8-gnu-toolchain-linux_x86_64/bin/../lib/gcc/avr/7.3.0/avr25/libgcc.a(_udivmodhi4.o)
 .text.libgcc.fmul
                0x0000000000000000        0x0 /opt/avr8-gnu-toolchain-linux_x86_64/bin/../lib/gcc/avr/7.3.0/avr25/libgcc.a(_udivmodhi4.o)
 .text.libgcc.fixed
                0x0000000000000000        0x0 /opt/avr8-gnu-toolchain-linux_x86_64/bin/../lib/gcc/avr/7.3.0/avr25/libgcc.a(_udivmodhi4.o)
 .text          0x0000000000000000        0x0 /opt/avr8-gnu-toolchain-linux_x86_64/bin/../lib/gcc/avr/7.3.0/avr25/libgcc.a(_divmodhi4.o)
 .data          0x0000000000000000        0x0 /opt/avr8-gnu-toolchain-linux_x86_64/bin/../lib/gcc/avr/7.3.0/avr25/libgcc.a(_divmodhi4.o)
 .bss           0x0000000000000000        0x0 /opt/avr8-gnu-toolchain-linux_x86_64/bin/../lib/gcc/avr/7.3.0/avr25/libgcc.a(_divmodhi4.o)
 .text.libgcc.mul
                0x0000000000000000        0x0 /opt/avr8-gnu-toolchain-linux_x86_64/bin/../lib/gcc/avr/7.3.0/avr25/libgcc.a(_divmodhi4.o)
 .text.libgcc   0x0000000000000000        0x0 /opt/avr8-gnu-toolchain-linux_x86_64/bin/../lib/gcc/avr/7.3.0/avr25/libgcc.a(_divmodhi4.o)
 .text.libgcc.prologue
                0x0000000000000000        0x0 /opt/avr8-gnu-toolchain-linux_x86_64/bin/../lib/gcc/avr/7.3.0/avr25/libgcc.a(_divmodhi4.o)
 .text.libgcc.builtins
                0x0000000000000000        0x0 /opt/avr8-gnu-toolchain-linux_x86_64/bin/../lib/gcc/avr/7.3.0/avr25/libgcc.a(_divmodhi4.o)
 .text.libgcc.fmul
                0x0000000000000000        0x0 /opt/avr8-gnu-toolchain-linux_x86_64/bin/../lib/gcc/avr/7.3.0/avr25/libgcc.a(_divmodhi4.o)
 .text.libgcc.fixed
                0x0000000000000000        0x0 /opt/avr8-gnu-toolchain-linux_x86_64/bin/../lib/gcc/avr/7.3.0/avr25/libgcc.a(_divmodhi4.o)
 .text          0x0000000000000000        0x0 /opt/avr8-gnu-toolchain-linux_x86_64/bin/../lib/gcc/avr/7.3.0/avr25/libgcc.a(_exit.o)
 .data          0x0000000000000000        0x0 /opt/avr8-gnu-toolchain-linux_x86_64/bin/../lib/gcc/avr/7.3.0/avr25/libgcc.a(_exit.o)
 .bss           0x0000000000000000        0x0 /opt/avr8-gnu-toolchain-linux_x86_64/bin/../lib/gcc/avr/7.3.0/avr25/libgcc.a(_exit.o)
 .text.libgcc.mul
                0x0000000000000000        0x0 /opt/avr8-gnu-toolchain-linux_x86_64/bin/../lib/gcc/avr/7.3.0/avr25/libgcc.a(_exit.o)
 .text.libgcc.div
                0x0000000000000000        0x0 /opt/avr8-gnu-toolchain-linux_x86_64/bin/../lib/gcc/avr/7.3.0/avr25/libgcc.a(_exit.o)
 .text.libgcc   0x0000000000000000        0x0 /opt/avr8-gnu-toolchain-linux_x86_64/bin/../lib/gcc/avr/7.3.0/avr25/libgcc.a(_exit.o)
 .text.libgcc.prologue
                0x0000000000000000        0x0 /opt/avr8-gnu-toolchain-linux_x86_64/bin/../lib/gcc/avr/7.3.0/avr25/libgcc.a(_exit.o)
 .text.libgcc.builtins
                0x0000000000000000        0x0 /opt/avr8-gnu-toolchain-linux_x86_64/bin/../lib/gcc/avr/7.3.0/avr25/libgcc.a(_exit.o)
 .text.libgcc.fmul
                0x0000000000000000        0x0 /opt/avr8-gnu-toolchain-linux_x86_64/bin/../lib/gcc/avr/7.3.0/avr25/libgcc.a(_exit.o)
 .text.libgcc.fixed
                0x0000000000000000        0x0 /opt/avr8-gnu-toolchain-linux_x86_64/bin/../lib/gcc/avr/7.3.0/avr25/libgcc.a(_exit.o)

Memory Configuration

Name             Origin             Length             Attributes
text             0x0000000000000000 0x0000000000001000 xr
data             0x0000000000800060 0x0000000000000100 rw !x
eeprom           0x0000000000810000 0x0000000000000100 rw !x
fuse             0x0000000000820000 0x0000000000000003 rw !x
lock             0x0000000000830000 0x0000000000000400 rw !x
signature        0x0000000000840000 0x0000000000000400 rw !x
user_signatures  0x0000000000850000 0x0000000000000400 rw !x
*default*        0x0000000000000000 0xffffffffffffffff

Linker script and memory map

LOAD /home/sergeyyarkov/.mchp_packs/Microchip/ATtiny_DFP/3.0.151/gcc/dev/attiny45/avr25/crtattiny45.o
LOAD build/default/production/main.o
LOAD build/default/production/onewire.o
LOAD build/default/production/dstemperature.o
                0x0000000000000001                __MPLAB_BUILD = 0x1
START GROUP
LOAD /opt/avr8-gnu-toolchain-linux_x86_64/bin/../lib/gcc/avr/7.3.0/../../../../avr/lib/avr25/libm.a
END GROUP
START GROUP
LOAD /opt/avr8-gnu-toolchain-linux_x86_64/bin/../lib/gcc/avr/7.3.0/avr25/libgcc.a
LOAD /opt/avr8-gnu-toolchain-linux_x86_64/bin/../lib/gcc/avr/7.3.0/../../../../avr/lib/avr25/libm.a
LOAD /opt/avr8-gnu-toolchain-linux_x86_64/bin/../lib/gcc/avr/7.3.0/../../../../avr/lib/avr25/libc.a
LOAD /home/sergeyyarkov/.mchp_packs/Microchip/ATtiny_DFP/3.0.151/gcc/dev/attiny45/avr25/libattiny45.a
END GROUP
                0x0000000000000000                __TEXT_REGION_ORIGIN__ = DEFINED (__TEXT_REGION_ORIGIN__)?__TEXT_REGION_ORIGIN__:0x0
                [0x0000000000800060]                __DATA_REGION_ORIGIN__ = DEFINED (__DATA_REGION_ORIGIN__)?__DATA_REGION_ORIGIN__:0x800060
                [0x0000000000001000]                __TEXT_REGION_LENGTH__ = DEFINED (__TEXT_REGION_LENGTH__)?__TEXT_REGION_LENGTH__:0x2000
                [0x0000000000000100]                __DATA_REGION_LENGTH__ = DEFINED (__DATA_REGION_LENGTH__)?__DATA_REGION_LENGTH__:0xffa0
                [0x0000000000000100]                __EEPROM_REGION_LENGTH__ = DEFINED (__EEPROM_REGION_LENGTH__)?__EEPROM_REGION_LENGTH__:0x10000
                [0x0000000000000003]                __FUSE_REGION_LENGTH__ = DEFINED (__FUSE_REGION_LENGTH__)?__FUSE_REGION_LENGTH__:0x400
                0x0000000000000400                __LOCK_REGION_LENGTH__ = DEFINED (__LOCK_REGION_LENGTH__)?__LOCK_REGION_LENGTH__:0x400
                0x0000000000000400                __SIGNATURE_REGION_LENGTH__ = DEFINED (__SIGNATURE_REGION_LENGTH__)?__SIGNATURE_REGION_LENGTH__:0x400
                0x0000000000000400                __USER_SIGNATURE_REGION_LENGTH__ = DEFINED (__USER_SIGNATURE_REGION_LENGTH__)?__USER_SIGNATURE_REGION_LENGTH__:0x400

.hash
 *(.hash)

.dynsym
 *(.dynsym)

.dynstr
 *(.dynstr)

.gnu.version
 *(.gnu.version)

.gnu.version_d
 *(.gnu.version_d)

.gnu.version_r
 *(.gnu.version_r)

.rel.init
 *(.rel.init)

.rela.init
 *(.rela.init)

.rel.text
 *(.rel.text)
 *(.rel.text.*)
 *(.rel.gnu.linkonce.t*)

.rela.text
 *(.rela.text)
 *(.rela.text.*)
 *(.rela.gnu.linkonce.t*)

.rel.fini
 *(.rel.fini)

.rela.fini
 *(.rela.fini)

.rel.rodata
 *(.rel.rodata)
 *(.rel.rodata.*)
 *(.rel.gnu.linkonce.r*)

.rela.rodata
 *(.rela.rodata)
 *(.rela.rodata.*)
 *(.rela.gnu.linkonce.r*)

.rel.data
 *(.rel.data)
 *(.rel.data.*)
 *(.rel.gnu.linkonce.d*)

.rela.data
 *(.rela.data)
 *(.rela.data.*)
 *(.rela.gnu.linkonce.d*)

.rel.ctors
 *(.rel.ctors)

.rela.ctors
 *(.rela.ctors)

.rel.dtors
 *(.rel.dtors)

.rela.dtors
 *(.rela.dtors)

.rel.got
 *(.rel.got)

.rela.got
 *(.rela.got)

.rel.bss
 *(.rel.bss)

.rela.bss
 *(.rela.bss)

.rel.plt
 *(.rel.plt)

.rela.plt
 *(.rela.plt)

.text           0x0000000000000000      0x866
 *(.vectors)
 .vectors       0x0000000000000000       0x1e /home/sergeyyarkov/.mchp_packs/Microchip/ATtiny_DFP/3.0.151/gcc/dev/attiny45/avr25/crtattiny45.o
                0x0000000000000000                __vectors
                0x0000000000000000                __vector_default
 *(.vectors)
 *(.progmem.gcc*)
                0x000000000000001e                . = ALIGN (0x2)
                0x000000000000001e                __trampolines_start = .
 *(.trampolines)
 .trampolines   0x000000000000001e        0x0 linker stubs
 *(.trampolines*)
                0x000000000000001e                __trampolines_end = .
 *libprintf_flt.a:*(.progmem.data)
 *libc.a:*(.progmem.data)
 *(.progmem*)
 .progmem.data.display_symbols
                0x000000000000001e        0xa build/default/production/main.o
                0x0000000000000028                . = ALIGN (0x2)
 *(.jumptables)
 *(.jumptables*)
 *(.lowtext)
 *(.lowtext*)
                0x0000000000000028                __ctors_start = .
 *(.ctors)
                0x0000000000000028                __ctors_end = .
                0x0000000000000028                __dtors_start = .
 *(.dtors)
                0x0000000000000028                __dtors_end = .
 SORT(*)(.ctors)
 SORT(*)(.dtors)
 *(.init0)
 .init0         0x0000000000000028        0x0 /home/sergeyyarkov/.mchp_packs/Microchip/ATtiny_DFP/3.0.151/gcc/dev/attiny45/avr25/crtattiny45.o
                0x0000000000000028                __init
 *(.init0)
 *(.init1)
 *(.init1)
 *(.init2)
 .init2         0x0000000000000028        0xc /home/sergeyyarkov/.mchp_packs/Microchip/ATtiny_DFP/3.0.151/gcc/dev/attiny45/avr25/crtattiny45.o
 *(.init2)
 *(.init3)
 *(.init3)
 *(.init4)
 *(.init4)
 *(.init5)
 *(.init5)
 *(.init6)
 *(.init6)
 *(.init7)
 *(.init7)
 *(.init8)
 *(.init8)
 *(.init9)
 .init9         0x0000000000000034        0x4 /home/sergeyyarkov/.mchp_packs/Microchip/ATtiny_DFP/3.0.151/gcc/dev/attiny45/avr25/crtattiny45.o
 *(.init9)
 *(.text)
 .text          0x0000000000000038        0x2 /home/sergeyyarkov/.mchp_packs/Microchip/ATtiny_DFP/3.0.151/gcc/dev/attiny45/avr25/crtattiny45.o
                0x0000000000000038                __vector_1
                0x0000000000000038                __vector_12
                0x0000000000000038                __bad_interrupt
                0x0000000000000038                __vector_6
                0x0000000000000038                __vector_3
                0x0000000000000038                __vector_11
                0x0000000000000038                __vector_13
                0x0000000000000038                __vector_7
                0x0000000000000038                __vector_5
                0x0000000000000038                __vector_4
                0x0000000000000038                __vector_9
                0x0000000000000038                __vector_2
                0x0000000000000038                __vector_8
                0x0000000000000038                __vector_14
                0x0000000000000038                __vector_10
                0x000000000000003a                . = ALIGN (0x2)
 *(.text.*)
 .text.TWI_Start
                0x000000000000003a       0x1e build/default/production/main.o
                0x000000000000003a                TWI_Start
 .text.TWI_Stop
                0x0000000000000058       0x1e build/default/production/main.o
                0x0000000000000058                TWI_Stop
 .text.TWI_WriteByte
                0x0000000000000076       0x68 build/default/production/main.o
                0x0000000000000076                TWI_WriteByte
 .text.TM1637_WriteByte
                0x00000000000000de       0x10 build/default/production/main.o
                0x00000000000000de                TM1637_WriteByte
 .text.TM1637_Init
                0x00000000000000ee       0x34 build/default/production/main.o
                0x00000000000000ee                TM1637_Init
 .text.TM1637_DisplaySymbol
                0x0000000000000122       0x20 build/default/production/main.o
                0x0000000000000122                TM1637_DisplaySymbol
 .text.TM1637_DisplayLine
                0x0000000000000142       0x14 build/default/production/main.o
                0x0000000000000142                TM1637_DisplayLine
 .text.TM1637_DisplayInt
                0x0000000000000156       0x86 build/default/production/main.o
                0x0000000000000156                TM1637_DisplayInt
 .text.get_int_length
                0x00000000000001dc       0x2c build/default/production/main.o
                0x00000000000001dc                get_int_length
 .text.TM1637_DisplayFixedNum
                0x0000000000000208      0x1e2 build/default/production/main.o
                0x0000000000000208                TM1637_DisplayFixedNum
 .text.SensorErrorHandler
                0x00000000000003ea       0x20 build/default/production/main.o
                0x00000000000003ea                SensorErrorHandler
 .text.main     0x000000000000040a       0x9c build/default/production/main.o
                0x000000000000040a                main
 .text.OneWire_Presence
                0x00000000000004a6       0x36 build/default/production/onewire.o
                0x00000000000004a6                OneWire_Presence
 .text.OneWire_WriteByte
                0x00000000000004dc       0x3a build/default/production/onewire.o
                0x00000000000004dc                OneWire_WriteByte
 .text.OneWire_ReadByte
                0x0000000000000516       0x32 build/default/production/onewire.o
                0x0000000000000516                OneWire_ReadByte
 .text.OneWire_SkipROM
                0x0000000000000548       0x10 build/default/production/onewire.o
                0x0000000000000548                OneWire_SkipROM
 .text.OneWire_ReadROM
                0x0000000000000558       0x32 build/default/production/onewire.o
                0x0000000000000558                OneWire_ReadROM
 .text.OneWire_CRC8_Update
                0x000000000000058a       0x2c build/default/production/onewire.o
                0x000000000000058a                OneWire_CRC8_Update
 .text.DallasTemp_ReadScratchpad
                0x00000000000005b6       0x52 build/default/production/dstemperature.o
                0x00000000000005b6                DallasTemp_ReadScratchpad
 .text.DallasTemp_CopyScratchpad
                0x0000000000000608       0x12 build/default/production/dstemperature.o
                0x0000000000000608                DallasTemp_CopyScratchpad
 .text.DallasTemp_WriteScratchpad
                0x000000000000061a       0x20 build/default/production/dstemperature.o
                0x000000000000061a                DallasTemp_WriteScratchpad
 .text.DallasTemp_SetResolution
                0x000000000000063a       0x62 build/default/production/dstemperature.o
                0x000000000000063a                DallasTemp_SetResolution
 .text.DallasTemp_Convert
                0x000000000000069c       0x14 build/default/production/dstemperature.o
                0x000000000000069c                DallasTemp_Convert
 .text.DallasTemp_CheckError
                0x00000000000006b0       0x34 build/default/production/dstemperature.o
                0x00000000000006b0                DallasTemp_CheckError
 .text.DallasTemp_GetTemperature
                0x00000000000006e4      0x130 build/default/production/dstemperature.o
                0x00000000000006e4                DallasTemp_GetTemperature
 .text.libgcc.div
                0x0000000000000814       0x28 /opt/avr8-gnu-toolchain-linux_x86_64/bin/../lib/gcc/avr/7.3.0/avr25/libgcc.a(_udivmodhi4.o)
                0x0000000000000814                __udivmodhi4
 .text.libgcc.div
                0x000000000000083c       0x26 /opt/avr8-gnu-toolchain-linux_x86_64/bin/../lib/gcc/avr/7.3.0/avr25/libgcc.a(_divmodhi4.o)
                0x000000000000083c                __divmodhi4
                0x000000000000083c                _div
                0x0000000000000862                . = ALIGN (0x2)
 *(.fini9)
 .fini9         0x0000000000000862        0x0 /opt/avr8-gnu-toolchain-linux_x86_64/bin/../lib/gcc/avr/7.3.0/avr25/libgcc.a(_exit.o)
                0x0000000000000862                exit
                0x0000000000000862                _exit
 *(.fini9)
 *(.fini8)
 *(.fini8)
 *(.fini7)
 *(.fini7)
 *(.fini6)
 *(.fini6)
 *(.fini5)
 *(.fini5)
 *(.fini4)
 *(.fini4)
 *(.fini3)
 *(.fini3)
 *(.fini2)
 *(.fini2)
 *(.fini1)
 *(.fini1)
 *(.fini0)
 .fini0         0x0000000000000862        0x4 /opt/avr8-gnu-toolchain-linux_x86_64/bin/../lib/gcc/avr/7.3.0/avr25/libgcc.a(_exit.o)
 *(.fini0)
                0x0000000000000866                _etext = .

.data           0x0000000000800060        0x0 load address 0x0000000000000866
                [!provide]                        PROVIDE (__data_start, .)
 *(.data)
 *(.data*)
 *(.gnu.linkonce.d*)
 *(.rodata)
 *(.rodata*)
 *(.gnu.linkonce.r*)
                0x0000000000800060                . = ALIGN (0x2)
                0x0000000000800060                _edata = .
                [!provide]                        PROVIDE (__data_end, .)

.bss            0x0000000000800060        0x0
                [!provide]                        PROVIDE (__bss_start, .)
 *(.bss)
 *(.bss*)
 *(COMMON)
                [!provide]                        PROVIDE (__bss_end, .)
                0x0000000000000866                __data_load_start = LOADADDR (.data)
                0x0000000000000866                __data_load_end = (__data_load_start + SIZEOF (.data))

.noinit         0x0000000000800060        0x0
                [!provide]                        PROVIDE (__noinit_start, .)
 *(.noinit*)
                [!provide]                        PROVIDE (__noinit_end, .)
                0x0000000000800060                _end = .
                [!provide]                        PROVIDE (__heap_start, .)

.eeprom         0x0000000000810000        0x0
 *(.eeprom*)
                0x0000000000810000                __eeprom_end = .

.fuse
 *(.fuse)
 *(.lfuse)
 *(.hfuse)
 *(.efuse)

.lock
 *(.lock*)

.signature
 *(.signature*)

.user_signatures
 *(.user_signatures*)

.stab
 *(.stab)

.stabstr
 *(.stabstr)

.stab.excl
 *(.stab.excl)

.stab.exclstr
 *(.stab.exclstr)

.stab.index
 *(.stab.index)

.stab.indexstr
 *(.stab.indexstr)

.comment        0x0000000000000000       0x30
 *(.comment)
 .comment       0x0000000000000000       0x30 build/default/production/main.o
                                         0x31 (size before relaxing)
 .comment       0x0000000000000030       0x31 build/default/production/onewire.o
 .comment       0x0000000000000030       0x31 build/default/production/dstemperature.o

.note.gnu.avr.deviceinfo
                0x0000000000000000       0x3c
 .note.gnu.avr.deviceinfo
                0x0000000000000000       0x3c /home/sergeyyarkov/.mchp_packs/Microchip/ATtiny_DFP/3.0.151/gcc/dev/attiny45/avr25/crtattiny45.o

.note.gnu.build-id
 *(.note.gnu.build-id)

.debug
 *(.debug)

.line
 *(.line)

.debug_srcinfo
 *(.debug_srcinfo)

.debug_sfnames
 *(.debug_sfnames)

.debug_aranges
 *(.debug_aranges)

.debug_pubnames
 *(.debug_pubnames)

.debug_info     0x0000000000000000      0x420
 *(.debug_info .gnu.linkonce.wi.*)
 .debug_info    0x0000000000000000      0x420 /home/sergeyyarkov/.mchp_packs/Microchip/ATtiny_DFP/3.0.151/gcc/dev/attiny45/avr25/crtattiny45.o

.debug_abbrev   0x0000000000000000      0x3e8
 *(.debug_abbrev)
 .debug_abbrev  0x0000000000000000      0x3e8 /home/sergeyyarkov/.mchp_packs/Microchip/ATtiny_DFP/3.0.151/gcc/dev/attiny45/avr25/crtattiny45.o

.debug_line     0x0000000000000000       0xf2
 *(.debug_line .debug_line.* .debug_line_end)
 .debug_line    0x0000000000000000       0xf2 /home/sergeyyarkov/.mchp_packs/Microchip/ATtiny_DFP/3.0.151/gcc/dev/attiny45/avr25/crtattiny45.o

.debug_frame
 *(.debug_frame)

.debug_str      0x0000000000000000      0x169
 *(.debug_str)
 .debug_str     0x0000000000000000      0x169 /home/sergeyyarkov/.mchp_packs/Microchip/ATtiny_DFP/3.0.151/gcc/dev/attiny45/avr25/crtattiny45.o

.debug_loc
 *(.debug_loc)

.debug_macinfo
 *(.debug_macinfo)

.debug_weaknames
 *(.debug_weaknames)

.debug_funcnames
 *(.debug_funcnames)

.debug_typenames
 *(.debug_typenames)

.debug_varnames
 *(.debug_varnames)

.debug_pubtypes
 *(.debug_pubtypes)

.debug_ranges
 *(.debug_ranges)

.debug_macro
 *(.debug_macro)
OUTPUT(dist/default/production/firmware.production.elf elf32-avr)
LOAD linker stubs
